{
  "id": 1,
  "name": "Samsung Galaxy S9",
  "available": true
}